[  00000 Itialincgro sbsyspuet[   0.00] Iniazinggrp suyspu
[  0.0000 Iitialing croupubs cpucc
[    0.00] Lin vrsio4.0-11geric uidd@l01md4-02 (cc versn .4.0010609Ubtu 5.0ubun1~.04. )140-un SMPMoFe 12 223:0 U 28 (Ubtu.4.01640-gnec .4.9)[   .0000]omnd le:OOT_AG/boovmnuz-4.116-nec ro=LELcloumgootfroonso=tt conolttS0
[   .00000] KNE suprt cpu:    0000] Inl Geinntel[   0.00]   D thenticAMD
[  0.00000]   enurCentarHls
[    .00000 x8/f: statefft[2] 5, xsteizes2]: 56
[  0.00000 x/fu: Spoing AV fearex01:x8floangointegters
[  0.00] x8fp Suprtg XSAE atre 002'SE regier'
[   00000]86pu: pporing SAVE fatre 004'AX rests'
  0.00000] 86pu: abd xsteeatus 7, cte sizis32 besusin'sndar fmat.[   0.000] x/f: Usg azy'PUcontex sitches
[  000000]82: BI-povid ysic R map
[  0.00] IOS-20[memx0000000000-00000009ff] ab
[  00000 BS-e8: em 00000009f00-0x00000009ffreseed
[  0.000] OS-e0:mem 0x0000000f000x000000ffff rerve
[  0.00] BI-e0: [m 000000010000x00000fffff] uab
[  00000 BS-e8: em 0000003f00-0x00003fff] AC da
[  .00000BI-e820[mm 0x0000ec000-0x0000fe0f] rerv
[  0000000]BIOe80: [me0x00000f00000x0000fe00fffrerved[   0.0000]BIOS82 [me0x000000ff0000x00000ffffff rerve
[  0.000] X (Ecu Disle proctio: ctive
[  0.0000] MBS .5 pse.
[  .0000]yprvisr teted: M[   .00000e8: laspf= 0xffmax_chfn =x4000000   0.000] MT: sabl
    0.000] x86/PAT:MTs diabd,skiing T intiiztionoo
[   00000]PUTRRslllank viualid stem
[  0.0000x86/P: nfigraon[0]:WB  T UC UC B T  UC- UC  
[  0.00000] found SMP MPablet em 000fff0-0x0009ffff] mapped at [ffff88000009fff0]
[    0.000000] Scanng 1 areas folow memorcouption
[    0.0000 RMDIS [emx3c2000x558f][   .0000]CP Ear tle cecumvericaon dabd
[   .00000AC: RS 0000000E00000024 (02BO  )   00000 ACPI:SD 0x000003F00 000C v01 VOX VOXXT 00001 L  0001)
  0.00000] ACPI: CP0x000003FFF00F000F4 (v0 VX   OXCP 0000 ASL  000061
[    0000] AI:SDT 0000000FF47 00FFv02 OX VOXBIO000002NT201028
[  0.0000AC: FAS 000000FFF000 00040[  0.0000AC: FACSx000000003FFF0200 00000
[  00000] PI: ICx000000FF02 005C 02BOX VBAPIC00001 L 00000)
[  00000]CP: SS 0000003FF02A0001CC(v0 VX  VBOPU0000002 NTL 20058)
  0.0000 NNUMAonguratonoud
[  00000 Fing no at emx0000000000-000000feff][   .0000] NE_ATA(0) loted emx3ff000x3fff]
[  00000] m-clk:Usinmss 4b5d0 andb54d
    00000] m-clock: cpu 0, mr 0:ff001,riry c cck
  0.00000]kvclock:sig sheofset  381201 ycl
   0000] cckurcekvcloc mk: 0fffffffff ma_cle: 0x1d44dfb, maxdl_ns:8105913 
[   .0000]Zoneranges:[   .0000] D    [m 0x0000000010-0000000ffff][   .0000] D32  [m 0x0000010000x000003ffeff
[  0.0000] Noal  mpy
[    00000]  Deve empt
[  0.00] Moblzoneta foracnode[   0.00] Ear mory deange
[  0.0000  no  0: [m 000000001000-00000000efff
[   0.00000] nde  : mem x00000010000-0000003eff]
  0.0000] item supode [m 0x0000000000x00003ffeff
[  0.0000AC: PMim IO Po: x4008[   0.00] IOIC0]: icid  vsion2,ddre 0ec000,SI 0-2
[  0.0000ACPIINSRC_R us 0usrq 0 ob_irq dfdfl)
[  .0000]CPI:INT_SRC_OVR  (bus  bus_q  glol_rq9 owevl)
  0.000]UsinAC (MA) r SMcoigurio infmaion
[    00000]smoot:Alwig 2 CUs0 otpl Cs
[  .00000PMRegierednosave meor: [m 00000000x0000f]
[  0.0000 P Regted noveemor [m 0x0900-000fff]   0.000 PM: Rgiered novememy:[memx0a0000x000ffff
[   0.00] PMRegstrenosa mmor [m 0x0f00-0x00fff][   0.0000] 820:me 0x40000-0ebfff] avaabe r I dece
[  0.0000Boing rairtualedkern onKVM   0.00000clocksource: refined-jiffis:mask:0xfffff axycle: fffff, x_id_n: 6455601156ns
[  0.0000sep_pepuNR_CS:2 nrpusk_bit51 nr_u_s:2 _ne_id1[   .0000]ERPU: beed 3paes/c @ff883f0000 994 81923128 u486
[  00000]V qsnlk ha tle eri: 25 (de: 0, 406 tes)[   0.0000]Buil1 nelis  Nodorr, mily groungn.  tapage 2913
[   00000]oliczoneDM2
[  000000Kenel mmd li: OT_IGE=/ot/vlinuz4..016enric otABELloimg-ot ro nse=tt csolety0
[  .0000]IDhashab entes 4096 (order: 3 368bys)
[  0000] mory100688K/4812K avalabe 53 kerl de, 09 rwda,3992roata 18Kini, 16 bss, 43K rerv, 0Kmaeserd)
[  0.0000 SUB: algn=64, Order=0-3, MinObjects=0 Cs=, Nos=
[  0.0000] rnl/User pe blessotionenbled[    0.000] HiaricalCUmplention.[   0.00] 	Bldime jusmet of eafanouto4.
  0.000]RCU stcting UsfroNRPUS=2  nr_u_s=2.[   0000] U:djusngeomey r rcfaut_lf=4,nr_c_i=2
  0.0000 NIRQS:33024 r_rq4416
    .0000]Cool: coour A+ 80x5[   .0000]onole [ty1enabd
[  0000] nsol[tS0] abd
[  0000000] tsc: Detected 2208.002 MHz processor
[   33.409663] Calibrating delay loop (skipped) preset value.. 4416.00 BogoMIPS (lpj=8832008)
[   33.656931] pid_max: default: 32768 minimum: 301
[   33.786223] ACPI: Core revision 20150930
[   33.911250] ACPI: 2 ACPI AML tables successfully acquired and loaded
[   34.044677] Security Framework initialized
[   34.135747] Yama: becoming mindful.
[   34.251664] AppArmor: AppArmor initialized
[   34.399853] Dentry cache hash table entries: 131072 (order: 8, 1048576 bytes)
[   34.622786] Inode-cache hash table entries: 65536 (order: 7, 524288 bytes)
[   34.712639] Mount-cache hash table entries: 2048 (order: 2, 16384 bytes)
[   34.885076] Mountpoint-cache hash table entries: 2048 (order: 2, 16384 bytes)
[   35.104068] Initializing cgroup subsys io
[   35.221983] Initializing cgroup subsys memory
[   35.376323] Initializing cgroup subsys devices
[   35.532833] Initializing cgroup subsys freezer
[   35.689361] Initializing cgroup subsys net_cls
[   35.818665] Initializing cgroup subsys perf_event
[   35.953801] Initializing cgroup subsys net_prio
[   36.112584] Initializing cgroup subsys hugetlb
[   36.272317] Initializing cgroup subsys pids
[   36.406736] CPU: Physical Processor ID: 0
[   36.540297] CPU: Processor Core ID: 0
[   36.663425] FEATURE SPEC_CTRL Not Present
[   36.802166] mce: CPU supports 0 MCE banks
[   36.932641] Last level iTLB entries: 4KB 64, 2MB 8, 4MB 8
[   37.122673] Last level dTLB entries: 4KB 64, 2MB 0, 4MB 0, 1GB 4
[   37.321674] Spectre V2 mitigation: Mitigation: Full generic retpoline
[   37.531585] Spectre V2 mitigation: Speculation control IBPB not-supported IBRS not-supported
[   37.816801] Freeing SMP alternatives memory: 32K
[   37.980827] ftrace: allocating 32186 entries in 126 pages
[   38.214733] smpboot: APIC(0) Converting physical 0 to logical package 0
[   38.414517] smpboot: Max logical packages: 1
[   38.573647] x2apic enabled
[   38.672498] Switched APIC routing to physical x2apic.
[   38.840333] ..TIMER: vector=0x30 apic1=0 pin1=2 apic2=-1 pin2=-1
[ 39.152980] smpboot: CPU0: Intel(R) Core(TM) i7-6650U CPU @ 2.20GHz (family: 0x6, model: 0x4e, stepping: 0x3)
[   39.525488] Performance Events: unsupported p6 CPU model 78 no PMU driver, software events only.
[   39.856982] KVM setup paravirtual spinlock
[   39.990817] x86: Booting SMP configuration:
[   40.132253] .... node  #0, CPUs:      #1
[   40.251892] kvm-clock: cpu 1, msr 0:3ffe3041, secondary cpu clock
[   40.351623] mce: CPU supports 0 MCE banks
[   40.415377] x86: Booted up 1 node, 2 CPUs
[   40.552821] smpboot: Total of 2 processors activated (8832.00 BogoMIPS)
[   40.720102] devtmpfs: initialized
[   40.775950] evm: security.selinux
[   40.858527] evm: security.SMACK64
[   40.873774] evm: security.SMACK64EXEC
[   40.954630] evm: security.SMACK64TRANSMUTE
[   41.025474] evm: security.SMACK64MMAP
[   41.081039] evm: security.ima
[   41.082608] evm: security.capability
[   41.084673] clocksource: jiffies: mask: 0xffffffff max_cycles: 0xffffffff, max_idle_ns: 7645041785100000 ns
[   41.202976] futex hash table entries: 512 (order: 3, 32768 bytes)
[   41.399000] pinctrl core: initialized pinctrl subsystem
[   41.433522] RTC time: 11:21:40, date: 04/17/18
[   41.451589] NET: Registered protocol family 16
[   41.509072] cpuidle: using governor ladder
[   41.611117] cpuidle: using governor menu
[   41.623173] PCCT header not found.
[   41.668960] ACPI: bus type PCI registered
[   41.777145] acpiphp: ACPI Hot Plug PCI Controller Driver version: 0.5
[   41.881307] PCI: Using configuration type 1 for base access
[   41.966377] ACPI: Added _OSI(Module Device)
[   41.977855] ACPI: Added _OSI(Processor Device)
[   42.058486] ACPI: Added _OSI(3.0 _SCP Extensions)
[   42.097554] ACPI: Added _OSI(Processor Aggregator Device)
[   42.112645] ACPI: Executed 1 blocks of module-level executable AML code
[   42.216269] ACPI: Interpreter enabled
[   42.245145] ACPI: (supports S0 S5)
[   42.294638] ACPI: Using IOAPIC for interrupt routing
[   42.340584] PCI: Using host bridge windows from ACPI; if necessary, use "pci=nocrs" and report a bug
[   42.461832] ACPI: PCI Root Bridge [PCI0] (domain 0000 [bus 00-ff])
[   42.612735] acpi PNP0A03:00: _OSC: OS supports [ASPM ClockPM Segments MSI]
[   42.739692] acpi PNP0A03:00: _OSC: not requesting OS control; OS requires [ExtendedConfig ASPM ClockPM MSI]
[   42.981039] acpi PNP0A03:00: fail to add MMCONFIG information, can't access extended PCI configuration space under this bridge.
[   43.300987] PCI host bridge to bus 0000:00
[   43.387738] pci_bus 0000:00: root bus resource [io  0x0000-0x0cf7 window]
[   43.531360] pci_bus 0000:00: root bus resource [io  0x0d00-0xffff window]
[   43.588062] pci_bus 0000:00: root bus resource [mem 0x000a0000-0x000bffff window]
[   43.592312] pci_bus 0000:00: root bus resource [mem 0x40000000-0xfdffffff window]
[   43.598333] pci_bus 0000:00: root bus resource [bus 00-ff]
[   43.610297] pci 0000:00:01.1: legacy IDE quirk: reg 0x10: [io  0x01f0-0x01f7]
[   43.698965] pci 0000:00:01.1: legacy IDE quirk: reg 0x14: [io  0x03f6]
[   43.727189] pci 0000:00:01.1: legacy IDE quirk: reg 0x18: [io  0x0170-0x0177]
[   43.901089] pci 0000:00:01.1: legacy IDE quirk: reg 0x1c: [io  0x0376]
[   44.110338] pci 0000:00:07.0: quirk: [io  0x4000-0x403f] claimed by PIIX4 ACPI
[   44.356704] pci 0000:00:07.0: quirk: [io  0x4100-0x410f] claimed by PIIX4 SMB
[   44.593838] ACPI: PCI Interrupt Link [LNKA] (IRQs 5 9 10 *11)
[   44.666477] ACPI: PCI Interrupt Link [LNKB] (IRQs 5 9 *10 11)
[   44.715092] ACPI: PCI Interrupt Link [LNKC] (IRQs 5 *9 10 11)
[   44.734657] ACPI: PCI Interrupt Link [LNKD] (IRQs 5 9 10 *11)
[   44.744964] ACPI: Enabled 2 GPEs in block 00 to 07
[   44.784785] vgaarb: setting as boot device: PCI:0000:00:02.0
[   44.831574] vgaarb: device added: PCI:0000:00:02.0,decodes=io+mem,owns=io+mem,locks=none
[   44.962240] vgaarb: loaded
[   45.025569] vgaarb: bridge control possible 0000:00:02.0
[   45.192345] SCSI subsystem initialized
[   45.319809] ACPI: bus type USB registered
[   45.450981] usbcore: registered new interface driver usbfs
[   45.609610] usbcore: registered new interface driver hub
[   45.780472] usbcore: registered new device driver usb
[   45.905515] PCI: Using ACPI for IRQ routing
[   46.038087] NetLabel: Initializing
[   46.145074] NetLabel:  domain hash size = 128
[   46.261365] NetLabel:  protocols = UNLABELED CIPSOv4
[   46.409221] NetLabel:  unlabeled traffic allowed by default
[   46.562135] amd_nb: Cannot enumerate AMD northbridges
[   46.654306] clocksource: Switched to clocksource kvm-clock
[   6.32] pAorAprm Festem Enabed
[ 47037]npPnP APIni
[   47.67083] pnp:PnP PIfod dece
[   48.045414] clocksource: acpi_pm: mask: 0xffffff max_cycles: 0xffffff, max_idle_ns: 2085701024 ns
[   48.181790] NET: Registered protocol family 2
[   48.255774] TCP established hash table entries: 8192 (order: 4, 65536 bytes)
[   48.376214] TCP bind hash table entries: 8192 (order: 5, 131072 bytes)
[   48.468300] TCP: Hash tables configured (established 8192 bind 8192)
[   48.572767] UDP hash table entries: 512 (order: 2, 16384 bytes)
[   48.722951] UDP-Lite hash table entries: 512 (order: 2, 16384 bytes)
[   48.857312] NET: Registered protocol family 1
[   48.969400] pci 0000:00:00.0: Limiting direct PCI/PCI transfers
[   49.124732] pci 0000:00:01.0: Activating ISA DMA hang workarounds
[   49.286167] Unpacking initramfs...
[   51.437371] Freeing initrd memory: 10844K
[   51.530056] platform rtc_cmos: registered platform RTC device (no PNP device found)
[   51.727335] Scanning for low memory corruption every 60 seconds
[   51.854006] audit: initializing netlink subsys (disabled)
[   51.972797] audit: type=2000 audit(1523964069.789:1): initialized
[   52.078141] Initialise system trusted keyring
[   52.195193] HugeTLB registered 2 MB page size, pre-allocated 0 pages
[   52.372394] zbud: loaded
[   52.440319] VFS: Disk quotas dquot_6.6.0
[   52.547817] tsc: Refined TSC clocksource calibration: 2206.839 MHz
[   52.721106] clocksource: tsc: mask: 0xffffffffffffffff max_cycles: 0x1fcf6f64e52, max_idle_ns: 440795218559 ns
[   52.721250] VFS: Dquot-cache hash table entries: 512 (order 0, 4096 bytes)
[   52.721481] squashfs: version 4.0 (2009/01/31) Phillip Lougher
[   52.987275] fuse init (API version 7.23)
[   52.987437] Key type big_key registered
[   52.987451] Allocating IMA MOK and blacklist keyrings.
[   52.987636] Key type asymmetric registered
[   52.987638] Asymmetric key parser 'x509' registered
[   52.987667] Block layer SCSI generic (bsg) driver version 0.4 loaded (major 249)
[   52.987691] io scheduler noop registered
[   52.987693] io scheduler deadline registered (default)
[   52.987719] io scheduler cfq registered
[   52.987811] pci_hotplug: PCI Hot Plug PCI Core version: 0.5
[   52.987832] pciehp: PCI Express Hot Plug Controller Driver version: 0.4
[   52.987967] ACPI: AC Adapter [AC] (on-line)
[   52.988011] input: Power Button as /devices/LNXSYSTM:00/LNXPWRBN:00/input/input0
[   52.988014] ACPI: Power Button [PWRF]
[   52.988073] input: Sleep Button as /devices/LNXSYSTM:00/LNXSLPBN:00/input/input1
[   52.988074] ACPI: Sleep Button [SLPF]
[   52.988190] GHES: HEST is not enabled!
[   52.988790] ACPI: Battery Slot [BAT0] (battery present)
[   52.988833] Serial: 8250/16550 driver, 32 ports, IRQ sharing enabled
[   53.172714] 00:02: ttyS0 at I/O 0x3f8 (irq = 4, base_baud = 115200) is a 16550A
[   53.338192] Linux agpgart interface v0.103
[   53.403975] loop: module loaded
[   53.404643] scsi host0: ata_piix
[   53.404692] scsi host1: ata_piix
[   53.404718] ata1: PATA max UDMA/33 cmd 0x1f0 ctl 0x3f6 bmdma 0xd000 irq 14
[   53.404719] ata2: PATA max UDMA/33 cmd 0x170 ctl 0x376 bmdma 0xd008 irq 15
[   53.404786] libphy: Fixed MDIO Bus: probed
[   53.404788] tun: Universal TUN/TAP device driver, 1.6
[   53.404789] tun: (C) 1999-2004 Max Krasnyansky <maxk@qualcomm.com>
[   53.405285] PPP generic driver version 2.4.2
[   53.405343] ehci_hcd: USB 2.0 'Enhanced' Host Controller (EHCI) Driver
[   53.405347] ehci-pci: EHCI PCI platform driver
[   53.405361] ehci-platform: EHCI generic platform driver
[   53.405369] ohci_hcd: USB 1.1 'Open' Host Controller (OHCI) Driver
[   53.405371] ohci-pci: OHCI PCI platform driver
[   53.405379] ohci-platform: OHCI generic platform driver
[   53.405386] uhci_hcd: USB Universal Host Controller Interface driver
[   53.405442] i8042: PNP: PS/2 Controller [PNP0303:PS2K,PNP0f03:PS2M] at 0x60,0x64 irq 1,12
[   53.405918] serio: i8042 KBD port at 0x60,0x64 irq 1
[   53.405923] serio: i8042 AUX port at 0x60,0x64 irq 12
[   53.406045] mousedev: PS/2 mouse device common for all mice
[   53.406627] input: AT Translated Set 2 keyboard as /devices/platform/i8042/serio0/input/input2
[   53.407000] rtc_cmos rtc_cmos: rtc core: registered rtc_cmos as rtc0
[   53.407072] rtc_cmos rtc_cmos: alarms up to one day, 114 bytes nvram
[   53.407081] i2c /dev entries driver
[   53.407144] device-mapper: uevent: version 1.0.3
[   53.407205] device-mapper: ioctl: 4.34.0-ioctl (2015-10-28) initialised: dm-devel@redhat.com
[   53.407227] ledtrig-cpu: registered to indicate activity on CPUs
[   53.408446] NET: Registered protocol family 10
[   53.408679] NET: Registered protocol family 17
[   53.408692] Key type dns_resolver registered
[   53.408880] microcode: CPU0 sig=0x406e3, pf=0x2, revision=0x0
[   53.473105] microcode: CPU1 sig=0x406e3, pf=0x2, revision=0x0
[   53.473175] microcode: Microcode Update Driver: v2.01 <tigran@aivazian.fsnet.co.uk>, Peter Oruba
[   53.473312] registered taskstats version 1
[   53.473325] Loading compiled-in X.509 certificates
[   53.473846] Loaded X.509 cert 'Build time autogenerated kernel key: aa84f01984fbd529c105810b59e379d349698248'
[   53.473869] zswap: loaded using pool lzo/zbud
[   53.475718] Key type trusted registered
[   53.479553] Key type encrypted registered
[   53.479559] AppArmor: AppArmor sha1 policy hashing enabled
[   53.479563] ima: No TPM chip found, activating TPM-bypass!
[   53.479586] evm: HMAC attrs: 0x1
[   53.479894]   Magic number: 14:253:378
[   53.537336] rtc_cmos rtc_cmos: setting system clock to 2018-04-17 11:21:52 UTC (1523964112)
[   53.537482] BIOS EDD facility v0.16 2004-Jun-25, 0 devices found
[   53.537482] EDD information not available.
[   62.146479] Freeing unused kernel memory: 1508K
[   62.378592] Write protecting the kernel read-only data: 14336k
[   62.566006] Freeing unused kernel memory: 1700K
[   62.685170] Freeing unused kernel memory: 104K
Loading, please [   62.822912] random: systemd-udevd: uninitialized urandom read (16 bytes read, 7 bits of entropy available)
wait...
startin[   62.824084] random: udevadm: uninitialized urandom read (16 bytes read, 7 bits of entropy available)
g version 229
[   62.824273] random: udevadm: uninitialized urandom read (16 bytes read, 7 bits of entropy available)
[   62.843598] random: udevadm: uninitialized urandom read (16 bytes read, 7 bits of entropy available)
[   62.843658] random: udevadm: uninitialized urandom read (16 bytes read, 7 bits of entropy available)
[   62.843882] random: udevadm: uninitialized urandom read (16 bytes read, 7 bits of entropy available)
[   62.843958] random: udevadm: uninitialized urandom read (16 bytes read, 7 bits of entropy available)
[   62.844033] random: udevadm: uninitialized urandom read (16 bytes read, 7 bits of entropy available)
[   62.844109] random: udevadm: uninitialized urandom read (16 bytes read, 7 bits of entropy available)
[   62.844184] random: udevadm: uninitialized urandom read (16 bytes read, 7 bits of entropy available)
[   64.625098] e1000: Intel(R) PRO/1000 Network Driver - version 7.3.21-k8-NAPI
[   64.748882] e1000: Copyright (c) 1999-2006 Intel Corporation.
[   64.748974] Fusion MPT base driver 3.04.20
[   64.748975] Copyright (c) 1999-2008 LSI Corporation
[   65.004301] Fusion MPT SPI Host driver 3.04.20
[   65.121244] AVX2 version of gcm_enc/dec engaged.
[   65.199827] AES CTR mode by8 optimization enabled
[   65.285297] input: ImExPS/2 Generic Explorer Mouse as /devices/platform/i8042/serio1/input/input4
[   65.507601] e1000 0000:00:03.0 eth0: (PCI:33MHz:32-bit) 02:e1:a6:2d:7f:b0
[   65.688976] e1000 0000:00:03.0 eth0: Intel(R) PRO/1000 Network Connection
[   65.833295] mptbase: ioc0: Initiating bringup
[   65.834051] e1000 0000:00:03.0 enp0s3: renamed from eth0
[   66.107513] ioc0: LSI53C1030 A0: Capabilities={Initiator}
[   66.415152] scsi host2: ioc0: LSI53C1030 A0, FwRev=00000000h, Ports=1, MaxQ=256, IRQ=20
[   66.764033] scsi 2:0:0:0: Direct-Access     VBOX     HARDDISK         1.0  PQ: 0 ANSI: 5
[   68.263833] scsi target2:0:0: Beginning Domain Validation
[   68.263853] floppy0: no floppy controllers found
[   68.416312] scsi target2:0:0: Domain Validation skipping write tests
[   68.537796] scsi target2:0:0: Ending Domain Validation
[   68.677709] scsi target2:0:0: asynchronous
[   68.814814] scsi 2:0:1:0: Direct-Access     VBOX     HARDDISK         1.0  PQ: 0 ANSI: 5
[   69.060942] scsi target2:0:1: Beginning Domain Validation
[   69.226209] scsi target2:0:1: Domain Validation skipping write tests
[   69.307059] scsi target2:0:1: Ending Domain Validation
[   69.344084] scsi target2:0:1: asynchronous
[   69.429923] sd 2:0:0:0: Attached scsi generic sg0 type 0
[   69.586773] sd 2:0:0:0: [sda] 20971520 512-byte logical blocks: (10.7 GB/10.0 GiB)
[   69.586979] sd 2:0:1:0: [sdb] 20480 512-byte logical blocks: (10.5 MB/10.0 MiB)
[   69.587104] sd 2:0:1:0: [sdb] Write Protect is off
[   69.587190] sd 2:0:1:0: [sdb] Incomplete mode parameter data
[   69.587191] sd 2:0:1:0: [sdb] Assuming drive cache: write through
[   69.587387] sd 2:0:1:0: Attached scsi generic sg1 type 0
[   69.621384] sd 2:0:1:0: [sdb] Attached SCSI disk
[   70.492492] sd 2:0:0:0: [sda] Write Protect is off
[   70.628439] sd 2:0:0:0: [sda] Incomplete mode parameter data
[   71.704791] sd 2:0:0:0: [sda] Assuming drive cache: write through
[   71.884538]  sda: sda1
[   71.952545] sd 2:0:0:0: [sda] Attached SCSI disk
Begin: Loading e[   73.468972] md: linear personality registered for level -1
ssential drivers[   73.650098] md: multipath personality registered for level -4
 ... [   73.848918] md: raid0 personality registered for level 0
[   73.980839] md: raid1 personality registered for level 1
[   74.218784] raid6: sse2x1   gen()  9666 MB/s
[   74.418316] raid6: sse2x1   xor()  7776 MB/s
[   74.618352] raid6: sse2x2   gen() 11399 MB/s
[   74.826359] raid6: sse2x2   xor()  7894 MB/s
[   75.026399] raid6: sse2x4   gen() 12015 MB/s
[   75.230459] raid6: sse2x4   xor() 10024 MB/s
[   75.430450] raid6: avx2x1   gen() 18930 MB/s
[   75.634547] raid6: avx2x2   gen() 22004 MB/s
[   75.830803] raid6: avx2x4   gen() 18801 MB/s
[   75.902754] raid6: using algorithm avx2x2 gen() 22004 MB/s
[   76.082640] raid6: using avx2x2 recovery algorithm
[   76.243584] xor: automatically using best checksumming function:
[   76.458705]    avx       : 18281.000 MB/sec
[   76.586876] async_tx: api initialized (async)
[   76.733387] md: raid6 personality registered for level 6
[   76.903281] md: raid5 personality registered for level 5
[   77.064186] md: raid4 personality registered for level 4
[   77.244702] md: raid10 personality registered for level 10
done.
Begin: Running /scripts/init-p[   77.426056] Btrfs loaded
remount ... done.
Begin: Mounting root file system ... Begin: Running /scripts/[   77.597604] EXT4-fs (sda1): mounted filesystem with ordered data mode. Opts: (null)
local-top ... done.
Begin: Running /scripts/local-premount ... Scanning for Btrfs filesystems
done.
Warning: fsck not present, so skipping root file system
done.
Begin: Running /scripts/local-bottom ... done.
Begin: Running /scripts/init-bottom ... done.
[   78.248617] systemd[1]: systemd 229 running in system mode. (+PAM +AUDIT +SELINUX +IMA +APPARMOR +SMACK +SYSVINIT +UTMP +LIBCRYPTSETUP +GCRYPT +GNUTLS +ACL +XZ -LZ4 +SECCOMP +BLKID +ELFUTILS +KMOD -IDN)
[   78.732933] systemd[1]: Detected virtualization oracle.
[   78.895407] systemd[1]: Detected architecture x86-64.

Welcome to [1mUbuntu 16.04.4 LTS[0m!

[   79.152208] random: nonblocking pool is initialized
[   79.260273] systemd[1]: Set hostname to <ubuntu-xenial>.
[   79.600863] systemd[1]: Listening on Syslog Socket.
[[0;32m  OK  [0m] Listening on Syslog Socket.
[   79.805442] systemd[1]: Listening on LVM2 poll daemon socket.
[[0;32m  OK  [0m] Listening on LVM2 poll daemon socket.
[   80.087716] systemd[1]: Listening on Device-mapper event daemon FIFOs.
[[0;32m  OK  [0m] Listening on Device-mapper event daemon FIFOs.
[   80.340243] systemd[1]: Listening on Journal Socket (/dev/log).
[[0;32m  OK  [0m] Listening on Journal Socket (/dev/log).
[   80.615254] systemd[1]: Listening on udev Kernel Socket.
[[0;32m  OK  [0m] Listening on udev Kernel Socket.
[   80.863377] systemd[1]: Listening on udev Control Socket.
[[0;32m  OK  [0m] Listening on udev Control Socket.
[   81.115263] systemd[1]: Listening on Journal Socket.
[[0;32m  OK  [0m] Listening on Journal Socket.
[   81.347166] systemd[1]: Created slice System Slice.
[[0;32m  OK  [0m] Created slice System Slice.
[   81.603294] systemd[1]: Mounting POSIX Message Queue File System...
         Mounting POSIX Message Queue File System...
[   81.887272] systemd[1]: Starting Set console keymap...
         Starting Set console keymap...
[   82.107087] systemd[1]: Starting Uncomplicated firewall...
         Starting Uncomplicated firewall...
[   82.343315] systemd[1]: Mounting Huge Pages File System...
         Mounting Huge Pages File System...
[   82.567081] systemd[1]: Mounting Debug File System...
         Mounting Debug File System...
[   82.759246] systemd[1]: Set up automount Arbitrary Executable File Formats File System Automount Point.
[[0;32m  OK  [0m] Set up automount Arbitrary Executab...ats File System Automount Point.
[   83.223738] systemd[1]: Starting Remount Root and Kernel File Systems...
[   83.233047] EXT4-fs (sda1): re-mounted. Opts: (null)
         Starting Remount Root and Kernel File Systems...
[   83.662781] systemd[1]: Started Trigger resolvconf update for networkd DNS.
[[0;32m  OK  [0m] Started Trigger resolvconf update for networkd DNS.
[   83.991367] systemd[1]: Reached target Encrypted Volumes.
[[0;32m  OK  [0m] Reached target Encrypted Volumes.
[   84.219477] systemd[1]: Listening on /dev/initctl Compatibility Named Pipe.
[[0;32m  OK  [0m] Listening on /dev/initctl Compatibility Named Pipe.
[   84.543021] systemd[1]: Starting Create list of required static device nodes for the current kernel...
         Starting Create list of required st... nodes for the current kernel...
[   84.953123] systemd[1]: Listening on Journal Audit Socket.
[[0;32m  OK  [0m] Listening on Journal Audit Socket.
[   85.211324] systemd[1]: Starting Journal Service...
         Starting Journal Service...
[   85.407020] systemd[1]: Starting Nameserver information manager...
         Starting Nameserver information manager...
[   85.647167] systemd[1]: Reached target Swap.
[[0;32m  OK  [0m] Reached target Swap.
[   85.835206] systemd[1]: Starting Load Kernel Modules...
[   .977 Ldi iSIrapo css2.87
         Starting Load Kernel Mo[   86.581826] iscsi: registered transport (tcp)
dules...
[   86.723085] systemd[1]: Created slice system-serial\x2dgetty.slice.
[[0;32m  OK  [[   86.819202] iscsi: registered transport (iser)
0m] Created slice system-serial\x2dgetty.slice.
[   87.064644] systemd[1]: Reached target User and Group Name Lookups.
[[0;32m  OK  [0m] Reached target User and Group Name Lookups.
[   87.359615] systemd[1]: Started Forward Password Requests to Wall Directory Watch.
[[0;32m  OK  [0m] Started Forward Password Requests to Wall Directory Watch.
[   87.738917] systemd[1]: Listening on LVM2 metadata daemon socket.
[[0;32m  OK  [0m] Listening on LVM2 metadata daemon socket.
[   88.007667] systemd[1]: Starting Monitoring of LVM2 mirrors, snapshots etc. using dmeventd or progress polling...
         Starting Monitoring of LVM2 mirrors... dmeventd or progress polling...
[   88.451027] systemd[1]: Created slice User and Session Slice.
[[0;32m  OK  [0m] Created slice User and Session Slice.
[   88.714822] systemd[1]: Reached target Slices.
[[0;32m  OK  [0m] Reached target Slices.
[   88.916200] systemd[1]: Mounted Huge Pages File System.
[[0;32m  OK  [0m] Mounted Huge Pages File System.
[   89.179018] systemd[1]: Mounted POSIX Message Queue File System.
[[0;32m  OK  [0m] Mounted POSIX Message Queue File System.
[   89.467526] systemd[1]: Mounted Debug File System.
[[0;32m  OK  [0m] Mounted Debug File System.
[   89.667477] systemd[1]: Started Journal Service.
[[0;32m  OK  [0m] Started Journal Service.
[[0;32m  OK  [0m] Started Set console keymap.
[[0;32m  OK  [0m] Started Uncomplicated firewall.
[[0;32m  OK  [0m] Started Remount Root and Kernel File Systems.
[[0;32m  OK  [0m] Started Create list of required sta...ce nodes for the current kernel.
[[0;32m  OK  [0m] Started Load Kernel Modules.
[[0;32m  OK  [0m] Started Nameserver information manager.
[[0;32m  OK  [0m] Started LVM2 metadata daemon.
         Starting Apply Kernel Variables...
         Mounting FUSE Control File System...
         Starting Create Static Device Nodes in /dev...
         Starting Initial cloud-init job (pre-networking)...
         Starting Load/Save Random Seed...
         Starting udev Coldplug all Devices...
         Starting Flush Journal to Persistent Storage...
[[0;32m  OK  [0m] Mounted FUSE Control File System.
[[0;32m  OK  [0m] Started Monitoring of LVM2 mirrors,...ng dmeventd or progress polling.
[[0;32m  OK  [0m] Started Apply Kernel Variables.
[[0;32m  OK  [0m] Started Create Static Device Nodes in /dev.
[[0;32m  OK  [0m] Started Load/Save Random Seed.
[[0;32m  OK  [0m] Started udev Coldplug all Devices.
[[0;32m  OK  [0m] Started Flush Journal to Persistent Storage.
[   45.870068] cloud-init[456]: Cloud-init v. 17.1 running 'init-local' at Tue, 17 Apr 2018 11:22:30 +0000. Up 45.60 seconds.
         Starting udev Kernel Device Manager...
[[0;32m  OK  [0m] Started udev Kernel Device Manager.
[[0;32m  OK  [0m] Started Initial cloud-init job (pre-networking).
[[0;32m  OK  [0m] Found device /dev/ttyS0.
[[0;32m  OK  [0m] Listening on Load/Save RF Kill Switch Status /dev/rfkill Watch.
[[0;32m  OK  [0m] Reached target Network (Pre).
[[0;32m  OK  [0m] Reached target Local File Systems (Pre).
[[0;32m  OK  [0m] Reached target Local File Systems.
         Starting Set console font and keymap...
         Starting LSB: AppArmor initialization...
         Starting Tell Plymouth To Write Out Runtime Data...
         Starting Create Volatile Files and Directories...
[[0;32m  OK  [0m] Started Dispatch Password Requests to Console Directory Watch.
[[0;32m  OK  [0m] Started Set console font and keymap.
[[0;32m  OK  [0m] Started Tell Plymouth To Write Out Runtime Data.
[[0;32m  OK  [0m] Started Create Volatile Files and Directories.
[[0;32m  OK  [0m] Found device 82540EM Gigabit Ethern...r (PRO/1000 MT Desktop Adapter).
         Starting Update UTMP about System Boot/Shutdown...
[[0;32m  OK  [0m] Reached target System Time Synchronized.
[[0;32m  OK  [0m] Created slice system-getty.slice.
[[0;32m  OK  [0m] Started LSB: AppArmor initialization.
[[0;32m  OK  [0m] Started ifup for enp0s3.
         Starting Raise network interfaces...
[[0;32m  OK  [0m] Started Update UTMP about System Boot/Shutdown.
[[0;32m  OK  [0m] Started Raise network interfaces.
[[0;32m  OK  [0m] Reached target Network.
         Starting Initial cloud-init job (metadata service crawler)...
[   49.921122] cloud-init[1101]: Cloud-init v. 17.1 running 'init' at Tue, 17 Apr 2018 11:22:34 +0000. Up 49.59 seconds.
[[0;32m  OK  [0m] Started Initial cloud-init job (metadata service crawler).
[   50.082223] cloud-init[1101]: ci-info: +++++++++++++++++++++++++++++++++++++Net device info++++++++++++++++++++++++++++++++++++++
[   50.381976] cloud-init[1101]: ci-info: +--------+------+----------------------------+---------------+-------+-------------------+
[   50.572957] cloud-init[1101]: ci-info: | Device |  Up  |          Address           |      Mask     | Scope |     Hw-Address    |
[   50.760930] cloud-init[1101]: ci-info: +--------+------+----------------------------+---------------+-------+-------------------+
[   50.945252] cloud-init[1101]: ci-info: | enp0s3 | True |         10.0.2.15          | 255.255.255.0 |   .   | 02:e1:a6:2d:7f:b0 |
[   51.129387] cloud-init[1101]: ci-info: | enp0s3 | True | fe80::e1:a6ff:fe2d:7fb0/64 |       .       |  link | 02:e1:a6:2d:7f:b0 |
[[0;32m  OK  [0m] Reached target Network is Online.
[   51.327381] cloud-init[1101]: ci-info: |   lo   | True |         127.0.0.1          |   255.0.0.0   |   .   |         .         |
[   51.602221] cloud-init[1101]: ci-info: |   lo   | True |          ::1/128           |       .       |  host |         .         |
         Starting iSCSI initiator daemon (iscsid)...
[[0;32m  OK  [0m] Reached target System Initialization.
[   51.807303] cloud-init[1101]: ci-info: +--------+------+----------------------------+---------------+-------+-------------------+
[   52.176737] cloud-init[1101]: ci-info: +++++++++++++++++++++++++++Route IPv4 info++++++++++++++++++++++++++++
[[0;32m  OK  [0m] Listening on ACPID Listen Socket.
[   52.337011] cloud-init[1101]: ci-info: +-------+-------------+----------+---------------+-----------+-------+
[   52.604800] [cloud-init[0;32m  OK  [0m[1101]: ] ci-info: | Route | Destination | Gateway  |    Genmask    | Interface | Flags |Started Timer to automatically refresh installed snaps.

[   52.905437] [cloud-init[0;32m  OK  [0m[1101]: ] ci-info: +-------+-------------+----------+---------------+-----------+-------+Started ACPI Events Check.

[   52.907481] [cloud-init[0;32m  OK  [0m[1101]: ] ci-info: |   0   |   0.0.0.0   | 10.0.2.2 |    0.0.0.0    |   enp0s3  |   UG  |Reached target Paths.

[[0;32m  OK  [0m] Started Daily apt download activities.
[[0;32m  OK  [0m] Started Daily apt upgrade and clean activities.
[   53.126438] cloud-init[1101]: ci-info: |   1   |   10.0.2.0  | 0.0.0.0  | 255.255.255.0 |   enp0s3  |   U   |
[   53.725683]          Starting LXD - unix socket.
cloud-init[1101]: ci-info: +-------+-------------+----------+---------------+-----------+-------+
         Starting Socket activation for snappy daemon.
[[0;32m  OK  [0m] Listening on D-Bus System Message Bus Socket.
[[0;32m  OK  [0m] Started Daily Cleanup of Temporary Directories.
[[0;32m  OK  [0m] Reached target Timers.
[[0;32m  OK  [0m] Listening on UUID daemon activation socket.
         Starting Docker Socket for the API.
[[0;32m  OK  [0m] Reached target Cloud-config availability.
[[0;32m  OK  [0m] Listening on LXD - unix socket.
[[0;32m  OK  [0m] Listening on Socket activation for snappy daemon.
[[0;32m  OK  [0m] Listening on Docker Socket for the API.
[[0;32m  OK  [0m] Started iSCSI initiator daemon (iscsid).
         Starting Login to default iSCSI targets...
[[0;32m  OK  [0m] Reached target Sockets.
[[0;32m  OK  [0m] Reached target Basic System.
         Starting LSB: MD monitoring daemon...
         Starting /etc/rc.local Compatibility...
         Starting Apply the settings specified in cloud-config...
         Starting Docker Application Container Engine...
[[0;32m  OK  [0m] Started ACPI event daemon.
         Starting Accounts Service...
[[0;32m  OK  [0m] Started Unattended Upgrades Shutdown.
[[0;32m  OK  [0m] Started Regular background program processing daemon.
[   56.121199] cloud-init[1170]: Cloud-init v. 17.1 running 'modules:config' at Tue, 17 Apr 2018 11:22:40 +0000. Up 55.94 seconds.
         Starting System Logging Service...
         Starting OpenBSD Secure Shell server...
[[0;32m  OK  [0m] Started FUSE filesystem for LXC.
[[0;32m  OK  [0m] Started Deferred execution scheduler.
         Starting Login Service...
         Starting LXD - container startup/shutdown...
         Starting LSB: Record successful boot for GRUB...
         Starting Snappy daemon...
[[0;32m  OK  [0m] Started D-Bus System Message Bus.
         Starting Ubuntu FAN network setup...
[[0;32m  OK  [0m] Started System Logging Service.
[[0;32m  OK  [0m] Started OpenBSD Secure Shell server.
[[0;32m  OK  [0m] Started Snappy daemon.
[[0;32m  OK  [0m] Started /etc/rc.local Compatibility.
[[0;32m  OK  [0m] Started Apply the settings specified in cloud-config.
[[0;32m  OK  [0m] Started LXD - container startup/shutdown.
[[0;32m  OK  [0m] Started Ubuntu FAN network setup.
[[0;32m  OK  [0m] Started Docker Application Container Engine.
[[0;32m  OK  [0m] Started Login to default iSCSI targets.
[[0;32m  OK  [0m] Started LSB: MD monitoring daemon.
[[0;32m  OK  [0m] Started Login Service.
[[0;32m  OK  [0m] Started LSB: Record successful boot for GRUB.
         Starting Authenticate and Authorize Users to Run Privileged Tasks...
[[0;32m  OK  [0m] Reached target Remote File Systems (Pre).
[[0;32m  OK  [0m] Reached target Remote File Systems.
         Starting LSB: VirtualBox Linux Additions...
         Starting LSB: daemon to balance interrupts for SMP systems...
         Starting LSB: automatic crash report generation...
         Starting LSB: Set up cgroupfs mounts....
         Starting Permit User Sessions...
         Starting LSB: Set the CPU Frequency Scaling governor to "ondemand"...
[[0;32m  OK  [0m] Started LSB: Set up cgroupfs mounts..
[[0;32m  OK  [0m] Started Permit User Sessions.
[[0;32m  OK  [0m] Started Authenticate and Authorize Users to Run Privileged Tasks.
[[0;32m  OK  [0m] Started Accounts Service.
[[0;32m  OK  [0m] Created slice User Slice of vagrant.
         Starting User Manager for UID 1000...
[[0;32m  OK  [0m] Started Session 1 of user vagrant.
         Starting Hold until boot process finishes up...
         Starting Terminate Plymouth Boot Screen...
[[0;32m  OK  [0m] Started User Manager for UID 1000.
[[0;32m  OK  [0m] Started LSB: VirtualBox Linux Additions.
[[0;32m  OK  [0m] Started LSB: daemon to balance interrupts for SMP systems.
[[0;32m  OK  [0m] Started LSB: automatic crash report generation.
[[0;32m  OK  [0m] Started LSB: Set the CPU Frequency Scaling governor to "ondemand".
[[0;32m  OK  [0m] Started Hold until boot process finishes up.
[[0;32m  OK  [0m] Started Terminate Plymouth Boot Screen.
[[0;32m  OK  [0m] Started Getty on tty1.
[[0;32m  OK  [0m] Started Serial Getty on ttyS0.
[[0;32m  OK  [0m] Reached target Login Prompts.
         Starting Set console scheme...
[[0;32m  OK  [0m] Reached target Multi-User System.
         Starting Execute cloud user/final scripts...
[[0;32m  OK  [0m] Reached target Graphical Interface.
         Starting Update UTMP about System Runlevel Changes...
[[0;32m  OK  [0m] Started Set console scheme.
[[0;32m  OK  [0m] Started Update UTMP about System Runlevel Changes.
[   61.638863] cloud-init[1526]: Cloud-init v. 17.1 running 'modules:final' at Tue, 17 Apr 2018 11:22:46 +0000. Up 61.43 seconds.
[[0;32m  OK  [0m] Started Execute cloud user/final scripts.
[   61.806436] cloud-init[1526]: Cloud-init v. 17.1 finished at Tue, 17 Apr 2018 11:22:46 +0000. Datasource DataSourceNoCloud [seed=/dev/sdb][dsmode=net].  Up 61.63 seconds
[[0;32m  OK  [0m] Reached target Cloud-init target.

Ubuntu 16.04.4 LTS ubuntu-xenial ttyS0

ubuntu-xenial login:          Stopping User Manager for U0         Stopping LSB: Set the CPU Frequency Scaling governor to "ondemand"...
         Stopping LSB: Record successful boot for GRUB...
         Stopping LSB: VirtualBox Linux Additions...
         Stopping Accounts Service...
         Stopping LSB: automatic crash report generation...
[[0;32m  OK  [0m] Stopped Timer to automatically refresh installed snaps.
[[0;32m  OK  [0m] Stopped target System Time Synchronized.
         Stopping Unattended Upgrades Shutdown...
         Stopping Getty on tty1...
[[0;32m  OK  [0m] Unmounted /var/lib/docker/aufs.
[[0;32m  OK  [0m] Unmounted /var/lib/lxcfs.
[[0;32m  OK  [0m] Stopped ACPI event daemon.
[[0;32m  OK  [0m] Stopped Docker Application Container Engine.
[[0;32m  OK  [0m] Stopped Accounts Service.
[[0;32m  OK  [0m] Stopped Regular background program processing daemon.
[[0;32m  OK  [0m] Stopped System Logging Service.
[[0;32m  OK  [0m] Stopped OpenBSD Secure Shell server.
[[0;32m  OK  [0m] Stopped Deferred execution scheduler.
[[0;32m  OK  [0m] Stopped Snappy daemon.
[[0;32m  OK  [0m] Stopped Authenticate and Authorize Users to Run Privileged Tasks.
[[0;32m  OK  [0m] Stopped Getty on tty1.
[[0;32m  OK  [0m] Stopped Serial Getty on ttyS0.
[[0;32m  OK  [0m] Stopped User Manager for UID 1000.
[[0;32m  OK  [0m] Stopped D-Bus System Message Bus.
[[0;32m  OK  [0m] Stopped Session 4 of user vagrant.
[[0;32m  OK  [0m] Stopped LSB: Set up cgroupfs mounts..
[[0;32m  OK  [0m] Stopped Ubuntu FAN network setup.
[[0;32m  OK  [0m] Stopped Unattended Upgrades Shutdown.
[[0;32m  OK  [0m] Stopped FUSE filesystem for LXC.
[[0;32m  OK  [0m] Stopped LXD - container startup/shutdown.
[[0;32m  OK  [0m] Stopped LSB: daemon to balance interrupts for SMP systems.
[[0;32m  OK  [0m] Stopped LSB: MD monitoring daemon.
[[0;32m  OK  [0m] Stopped LSB: Set the CPU Frequency Scaling governor to "ondemand".
[[0;32m  OK  [0m] Stopped LSB: Record successful boot for GRUB.
[[0;32m  OK  [0m] Stopped LSB: VirtualBox Linux Additions.
[[0;32m  OK  [0m] Stopped LSB: automatic crash report generation.
[[0;32m  OK  [0m] Removed slice User Slice of vagrant.
         Stopping Login Service...
[[0;32m  OK  [0m] Removed slice system-serial\x2dgetty.slice.
         Stopping Permit User Sessions...
[[0;32m  OK  [0m] Removed slice system-getty.slice.
[[0;32m  OK  [0m] Stopped /etc/rc.local Compatibility.
[[0;32m  OK  [0m] Stopped Login Service.
[[0;32m  OK  [0m] Stopped Permit User Sessions.
[[0;32m  OK  [0m] Stopped target Remote File Systems.
[[0;32m  OK  [0m] Stopped target Remote File Systems (Pre).
         Stopping Login to default iSCSI targets...
[[0;32m  OK  [0m] Stopped target Basic System.
[[0;32m  OK  [0m] Stopped target Slices.
[[0;32m  OK  [0m] Stopped target Sockets.
[[0;32m  OK  [0m] Closed ACPID Listen Socket.
[[0;32m  OK  [0m] Closed Socket activation for snappy daemon.
[[0;32m  OK  [0m] Closed Docker Socket for the API.
[[0;32m  OK  [0m] Closed UUID daemon activation socket.
[[0;32m  OK  [0m] Closed LXD - unix socket.
[[0;32m  OK  [0m] Closed Syslog Socket.
[[0;32m  OK  [0m] Stopped target Paths.
[[0;32m  OK  [0m] Stopped Forward Password Requests to Wall Directory Watch.
[[0;32m  OK  [0m] Stopped ACPI Events Check.
[[0;32m  OK  [0m] Stopped Dispatch Password Requests to Console Directory Watch.
[[0;32m  OK  [0m] Closed D-Bus System Message Bus Socket.
[[0;32m  OK  [0m] Stopped target System Initialization.
         Stopping Load/Save Random Seed...
[[0;32m  OK  [0m] Stopped target Swap.
[[0;32m  OK  [0m] Stopped target Encrypted Volumes.
         Stopping Update UTMP about System Boot/Shutdown...
[[0;32m  OK  [0m] Stopped target User and Group Name Lookups.
[[0;32m  OK  [0m] Removed slice User and Session Slice.
[[0;32m  OK  [0m] Stopped Load/Save Random Seed.
[[0;32m  OK  [0m] Stopped Login to default iSCSI targets.
[[0;32m  OK  [0m] Stopped Update UTMP about System Boot/Shutdown.
[[0;32m  OK  [0m] Stopped Create Volatile Files and Directories.
         Stopping iSCSI initiator daemon (iscsid)...
[[0;32m  OK  [0m] Stopped iSCSI initiator daemon (iscsid).
[[0;32m  OK  [0m] Stopped target Network is Online.
[[0;32m  OK  [0m] Stopped Initial cloud-init job (metadata service crawler).
[[0;32m  OK  [0m] Stopped target Network.
         Stopping Raise network interfaces...
[[0;32m  OK  [0m] Stopped Raise network interfaces.
[[0;32m  OK  [0m] Stopped target Local File Systems.
         Unmounting /run/user/1000...
         Unmounting /vagrant...
[[0;32m  OK  [0m] Stopped Apply Kernel Variables.
[[0;32m  OK  [0m] Stopped Load Kernel Modules.
[[0;32m  OK  [0m] Stopped target Network (Pre).
[[0;32m  OK  [0m] Stopped Initial cloud-init job (pre-networking).
[[0;32m  OK  [0m] Unmounted /run/user/1000.
[[0;32m  OK  [0m] Unmounted /vagrant.
[[0;32m  OK  [0m] Reached target Unmount All Filesystems.
[[0;32m  OK  [0m] Stopped target Local File Systems (Pre).
[[0;32m  OK  [0m] Stopped Remount Root and Kernel File Systems.
         Stopping Monitoring of LVM2 mirrors... dmeventd or progress polling...
[[0;32m  OK  [0m] Stopped Create Static Device Nodes in /dev.
[[0;32m  OK  [0m] Reached target Shutdown.
[ 1036.481873] reboot: Power down
